<html>
<body>
<pre>
<h1>µVision Build Log</h1>
<h2>Project:</h2>
D:\SEM6\eslab\endsem\endsem.uvproj
Project File Date:  04/12/2022

<h2>Output:</h2>
Rebuild target 'Target 1'
assembling startup.s...
compiling PLL.c...
PLL.h(164): warning:  #1-D: last line of file ends without a newline
  */
PLL.c(205): warning:  #1-D: last line of file ends without a newline
  */
PLL.c: 2 warnings, 0 errors
compiling endsem.c...
PLL.h(164): warning:  #1-D: last line of file ends without a newline
  */
endsem.c(84): warning:  #1-D: last line of file ends without a newline
  }
endsem.c: 2 warnings, 0 errors
linking...
Program Size: Code=1442 RO-data=98 RW-data=4 ZI-data=1124  
".\endsem.axf" - 0 Error(s), 4 Warning(s).
</pre>
</body>
</html>
s).
Target not created
