<html>
<body>
<pre>
<h1>µVision Build Log</h1>
<h2>Project:</h2>
D:\SEM6\eslab\lab1\lab1.uvproj
Project File Date:  01/25/2022

<h2>Output:</h2>
Rebuild target 'Target 1'

FCARM uses the following Files via command file '.\Auto_FcArm_Cmd.inp':
..\tm4c123gh6pm.h 
TO output.c NOPRINT ROOT(outputlab1)
custom translating @.\Auto_FcArm_Cmd.inp...
Custom: C:\Keil\ARM\Bin\FCARM.exe @.\Auto_FcArm_Cmd.inp
FCARM FILE CONVERTER V2.50
Completed 1 File(s), Ratio 100%
compiling output.c...
assembling startup.s...
compiling PLL.c...
..\lab3\PLL.h(164): warning:  #1-D: last line of file ends without a newline
  */
..\lab3\PLL.c(205): warning:  #1-D: last line of file ends without a newline
  */
..\lab3\PLL.c: 2 warnings, 0 errors
compiling example.c...
..\lab5\PLL.h(164): warning:  #1-D: last line of file ends without a newline
  */
..\lab5\example.c(43): warning:  #1-D: last line of file ends without a newline
  }
..\lab5\example.c: 2 warnings, 0 errors
linking...
Program Size: Code=1380 RO-data=32 RW-data=8 ZI-data=1120  
".\lab1.axf" - 0 Error(s), 4 Warning(s).
Load "D:\\SEM6\\eslab\\lab1\\lab1.axf" 
Connecting: Mode=JTAG, Speed=1000000Hz
Erase Done.
Programming Done.
Verify OK.
</pre>
</body>
</html>
