<html>
<body>
<pre>
<h1>µVision Build Log</h1>
<h2>Project:</h2>
D:\SEM6\eslab\lab5\lab5.uvproj
Project File Date:  03/25/2022

<h2>Output:</h2>
Rebuild target 'Target 1'
compiling PLL.c...
PLL.h(164): warning:  #1-D: last line of file ends without a newline
  */
PLL.c(205): warning:  #1-D: last line of file ends without a newline
  */
PLL.c: 2 warnings, 0 errors
assembling startup.s...
compiling example.c...
PLL.h(164): warning:  #1-D: last line of file ends without a newline
  */
example.c(46): warning:  #1-D: last line of file ends without a newline
  }
example.c: 2 warnings, 0 errors
linking...
Program Size: Code=1420 RO-data=32 RW-data=8 ZI-data=1120  
".\lab5.axf" - 0 Error(s), 4 Warning(s).
</pre>
</body>
</html>
