<html>
<body>
<pre>
<h1>µVision Build Log</h1>
<h2>Project:</h2>
D:\SEM6\eslab\lab6\lab6.uvproj
Project File Date:  03/14/2022

<h2>Output:</h2>
Rebuild target 'Target 1'
assembling startup.s...
compiling PLL.c...
PLL.h(164): warning:  #1-D: last line of file ends without a newline
  */
PLL.c(205): warning:  #1-D: last line of file ends without a newline
  */
PLL.c: 2 warnings, 0 errors
compiling practise.c...
PLL.h(164): warning:  #1-D: last line of file ends without a newline
  */
practise.c(67): warning:  #1-D: last line of file ends without a newline
  }
practise.c: 2 warnings, 0 errors
linking...
Program Size: Code=1484 RO-data=32 RW-data=4 ZI-data=1124  
".\lab6.axf" - 0 Error(s), 4 Warning(s).
